// Jest Snapshot v1, https://goo.gl/fbAQLP

exports[`ProductImage Debe mostrar el componente con imagen 1`] = `
<div
  className="productCard undefined"
>
  <img
    alt="Product"
    className="productImg undefined"
    src="./coffee-mug.png"
  />
</div>
`;

exports[`ProductImage Debe mostrar el componente sin imagen 1`] = `
<img
  alt="Product"
  className="productImg custom-class"
  src="http://test.com"
/>
`;
